{"epoch": 1, "examples": 60000, "steps": 469, "loss": 0.36101006291309995, "original_view_loss": 1.2294344390074412, "projected_steps": 365}
{"epoch": 2, "examples": 60000, "steps": 469, "loss": 0.10002196861902873, "original_view_loss": 1.913127924156189, "projected_steps": 314}
{"epoch": 3, "examples": 60000, "steps": 469, "loss": 0.06528790522615115, "original_view_loss": 2.036655516052246, "projected_steps": 283}
{"epoch": 4, "examples": 60000, "steps": 469, "loss": 0.04619344811240832, "original_view_loss": 2.279021460342407, "projected_steps": 280}
{"epoch": 5, "examples": 60000, "steps": 469, "loss": 0.03519310220281283, "original_view_loss": 2.51170757077535, "projected_steps": 282}
{
  "A_before_B": 0.9782,
  "A_after_B": 0.422,
  "B_after_B": 0.9778,
  "forgetting": 0.5562,
  "checkpoint_sha256": "05a45f578c40365a67e1fc7eaf8fbbab76e32e234833da352bc49b5795b9722c",
  "infrastructure_sha256": "5bf408b12c4f92fc75bba176268f01a8c5bace36878f9acda6ed38a5c96f5fa5",
  "attempt_id": "analogy_3",
  "condition": "analogy",
  "mechanism_name": "Canal-wall deflection",
  "source_analogy": "Canal navigation: a rigid bank removes the bank-directed component of a vessel's attempted movement while permitting tangential movement.",
  "translation": "At each Task-B batch, compute the original-view labeled loss gradient, obtain the supplied Adam displacement from Task-B cross-entropy, and remove its component along that gradient only when the component would increase original-view loss to first order.",
  "epochs": 5,
  "history": [
    {
      "epoch": 1,
      "examples": 60000,
      "steps": 469,
      "loss": 0.36101006291309995,
      "original_view_loss": 1.2294344390074412,
      "projected_steps": 365
    },
    {
      "epoch": 2,
      "examples": 60000,
      "steps": 469,
      "loss": 0.10002196861902873,
      "original_view_loss": 1.913127924156189,
      "projected_steps": 314
    },
    {
      "epoch": 3,
      "examples": 60000,
      "steps": 469,
      "loss": 0.06528790522615115,
      "original_view_loss": 2.036655516052246,
      "projected_steps": 283
    },
    {
      "epoch": 4,
      "examples": 60000,
      "steps": 469,
      "loss": 0.04619344811240832,
      "original_view_loss": 2.279021460342407,
      "projected_steps": 280
    },
    {
      "epoch": 5,
      "examples": 60000,
      "steps": 469,
      "loss": 0.03519310220281283,
      "original_view_loss": 2.51170757077535,
      "projected_steps": 282
    }
  ],
  "attempt_source_sha256": "ba5d56052e25a62fcdf6f78e9849f660c38dbe530ac2b4425b9e1667a63722c5",
  "model_sha256": "5a808d16f880352c28473df28c022ba5e2865d7a445efba08050bdc88fcc2a2e"
}
